US/East-Indiana
US/Indiana-Starke
US/Michigan
US/Central
US/Aleutian
US/Eastern
US/Mountain
US/Alaska
US/Hawaii
US/Samoa
US/Pacific
US/Arizona
Europe/Ljubljana
Europe/Paris
Europe/Samara
Europe/Oslo
Europe/Sofia
Europe/Tirane
Europe/Isle_of_Man
Europe/Kiev
Europe/Copenhagen
Europe/Athens
Europe/Dublin
Europe/Vienna
Europe/Tiraspol
Europe/Berlin
Europe/Prague
Europe/Bucharest
Europe/Rome
Europe/Tallinn
Europe/Simferopol
Europe/Helsinki
Europe/Jersey
Europe/Volgograd
Europe/Guernsey
Europe/Kaliningrad
Europe/Lisbon
Europe/Moscow
Europe/Minsk
Europe/Vaduz
Europe/San_Marino
Europe/Monaco
Europe/Bratislava
Europe/Chisinau
Europe/Mariehamn
Europe/Riga
Europe/Andorra
Europe/Budapest
Europe/Zurich
Europe/Belfast
Europe/Brussels
Europe/London
Europe/Sarajevo
Europe/Vilnius
Europe/Zagreb
Europe/Vatican
Europe/Amsterdam
Europe/Skopje
Europe/Stockholm
Europe/Uzhgorod
Europe/Madrid
Europe/Istanbul
Europe/Podgorica
Europe/Nicosia
Europe/Warsaw
Europe/Belgrade
Europe/Gibraltar
Europe/Malta
Europe/Zaporozhye
Europe/Luxembourg
UTC
